Copyright 1986-2020 Xilinx, Inc. All Rights Reserved.
-------------------------------------------------------------------------------------------
| Tool Version : Vivado v.2020.1 (lin64) Build 2902540 Wed May 27 19:54:35 MDT 2020
| Date         : Thu Jul 14 17:41:00 2022
| Host         : turing running 64-bit Ubuntu 18.04.6 LTS
| Command      : report_control_sets -verbose -file system_wrapper_control_sets_placed.rpt
| Design       : system_wrapper
| Device       : xc7z020
-------------------------------------------------------------------------------------------

Control Set Information

Table of Contents
-----------------
1. Summary
2. Histogram
3. Flip-Flop Distribution
4. Detailed Control Set Information

1. Summary
----------

+----------------------------------------------------------+-------+
|                          Status                          | Count |
+----------------------------------------------------------+-------+
| Total control sets                                       |   177 |
|    Minimum number of control sets                        |   177 |
|    Addition due to synthesis replication                 |     0 |
|    Addition due to physical synthesis replication        |     0 |
| Unused register locations in slices containing registers |   128 |
+----------------------------------------------------------+-------+
* Control sets can be merged at opt_design using control_set_merge or merge_equivalent_drivers
** Run report_qor_suggestions for automated merging and remapping suggestions


2. Histogram
------------

+--------------------+-------+
|       Fanout       | Count |
+--------------------+-------+
| Total control sets |   177 |
| >= 0 to < 4        |     2 |
| >= 4 to < 6        |    11 |
| >= 6 to < 8        |     1 |
| >= 8 to < 10       |   130 |
| >= 10 to < 12      |     2 |
| >= 12 to < 14      |     5 |
| >= 14 to < 16      |     2 |
| >= 16              |    24 |
+--------------------+-------+
* Control sets can be remapped at either synth_design or opt_design


3. Flip-Flop Distribution
-------------------------

+--------------+-----------------------+------------------------+-----------------+--------------+
| Clock Enable | Synchronous Set/Reset | Asynchronous Set/Reset | Total Registers | Total Slices |
+--------------+-----------------------+------------------------+-----------------+--------------+
| No           | No                    | No                     |             482 |          128 |
| No           | No                    | Yes                    |               0 |            0 |
| No           | Yes                   | No                     |             193 |           78 |
| Yes          | No                    | No                     |             461 |          112 |
| Yes          | No                    | Yes                    |               0 |            0 |
| Yes          | Yes                   | No                     |            1448 |          471 |
+--------------+-----------------------+------------------------+-----------------+--------------+


4. Detailed Control Set Information
-----------------------------------

+---------------------------------------------------+------------------------------------------------------------------------------------------------------------------------------------------------------------------+---------------------------------------------------------------------------------------------------------------------------------------+------------------+----------------+--------------+
|                    Clock Signal                   |                                                                           Enable Signal                                                                          |                                                            Set/Reset Signal                                                           | Slice Load Count | Bel Load Count | Bels / Slice |
+---------------------------------------------------+------------------------------------------------------------------------------------------------------------------------------------------------------------------+---------------------------------------------------------------------------------------------------------------------------------------+------------------+----------------+--------------+
|  system_i/ADC_BLOCK/ADC_REG/inst/adc_clk          |                                                                                                                                                                  |                                                                                                                                       |                1 |              1 |         1.00 |
|  system_i/PS7/processing_system7_0/inst/FCLK_CLK0 | system_i/PS7/ps7_0_axi_periph/s00_couplers/auto_pc/inst/gen_axilite.gen_b2s_conv.axilite_b2s/WR.b_channel_0/bid_fifo_0/bresp_push                                |                                                                                                                                       |                1 |              2 |         2.00 |
|  system_i/ADC_BLOCK/ADC_REG/inst/adc_clk          |                                                                                                                                                                  | system_i/ADC_DAC_LOOP/inst/ADC0/FSM0/FSM_onehot_state[3]_i_1_n_0                                                                      |                2 |              4 |         2.00 |
|  system_i/PS7/processing_system7_0/inst/FCLK_CLK0 |                                                                                                                                                                  | system_i/PS7/rst_ps7_0_50M/U0/EXT_LPF/lpf_int                                                                                         |                2 |              4 |         2.00 |
|  system_i/PS7/processing_system7_0/inst/FCLK_CLK0 | system_i/PS7/axi_gpio_0/U0/AXI_LITE_IPIF_I/I_SLAVE_ATTACHMENT/start2                                                                                             | system_i/PS7/axi_gpio_0/U0/AXI_LITE_IPIF_I/I_SLAVE_ATTACHMENT/I_DECODER/cs_ce_clr                                                     |                1 |              4 |         4.00 |
|  system_i/PS7/processing_system7_0/inst/FCLK_CLK0 | system_i/PS7/axi_gpio_0/U0/AXI_LITE_IPIF_I/I_SLAVE_ATTACHMENT/bus2ip_addr_i[8]_i_1_n_0                                                                           | system_i/PS7/axi_gpio_0/U0/AXI_LITE_IPIF_I/I_SLAVE_ATTACHMENT/SR[0]                                                                   |                2 |              4 |         2.00 |
|  system_i/PS7/processing_system7_0/inst/FCLK_CLK0 |                                                                                                                                                                  | system_i/PS7/axi_gpio_0/U0/AXI_LITE_IPIF_I/I_SLAVE_ATTACHMENT/clear                                                                   |                1 |              4 |         4.00 |
|  system_i/PS7/processing_system7_0/inst/FCLK_CLK0 |                                                                                                                                                                  | system_i/PS7/ps7_0_axi_periph/s00_couplers/auto_pc/inst/gen_axilite.gen_b2s_conv.axilite_b2s/SI_REG/aw.aw_pipe/aresetn_d_reg[0]_0     |                2 |              4 |         2.00 |
|  system_i/PS7/processing_system7_0/inst/FCLK_CLK0 |                                                                                                                                                                  | system_i/PS7/ps7_0_axi_periph/s00_couplers/auto_pc/inst/gen_axilite.gen_b2s_conv.axilite_b2s/SI_REG/ar.ar_pipe/aresetn_d_reg[1]_inv_0 |                3 |              4 |         1.33 |
|  system_i/PS7/processing_system7_0/inst/FCLK_CLK0 | system_i/axi_cfg_register/inst/s_axi_arready                                                                                                                     | system_i/axi_cfg_register/inst/p_4_in                                                                                                 |                1 |              5 |         5.00 |
|  system_i/PS7/processing_system7_0/inst/FCLK_CLK0 | system_i/PS7/ps7_0_axi_periph/s00_couplers/auto_pc/inst/gen_axilite.gen_b2s_conv.axilite_b2s/RD.r_channel_0/transaction_fifo_0/cnt_read[4]_i_1__0_n_0            | system_i/PS7/ps7_0_axi_periph/s00_couplers/auto_pc/inst/gen_axilite.gen_b2s_conv.axilite_b2s/areset_d1                                |                2 |              5 |         2.50 |
|  system_i/PS7/processing_system7_0/inst/FCLK_CLK0 | system_i/PS7/ps7_0_axi_periph/s00_couplers/auto_pc/inst/gen_axilite.gen_b2s_conv.axilite_b2s/RD.r_channel_0/rd_data_fifo_0/cnt_read[4]_i_1_n_0                   | system_i/PS7/ps7_0_axi_periph/s00_couplers/auto_pc/inst/gen_axilite.gen_b2s_conv.axilite_b2s/areset_d1                                |                2 |              5 |         2.50 |
|  system_i/PS7/processing_system7_0/inst/FCLK_CLK0 | system_i/axi_cfg_register/inst/s_axi_awready                                                                                                                     | system_i/axi_cfg_register/inst/p_4_in                                                                                                 |                2 |              5 |         2.50 |
|  system_i/PS7/processing_system7_0/inst/FCLK_CLK0 | system_i/PS7/rst_ps7_0_50M/U0/SEQ/seq_cnt_en                                                                                                                     | system_i/PS7/rst_ps7_0_50M/U0/SEQ/SEQ_COUNTER/clear                                                                                   |                1 |              6 |         6.00 |
|  system_i/PS7/processing_system7_0/inst/FCLK_CLK0 | system_i/axi_cfg_register/inst/CE077_out                                                                                                                         | system_i/axi_cfg_register/inst/p_4_in                                                                                                 |                3 |              8 |         2.67 |
|  system_i/PS7/processing_system7_0/inst/FCLK_CLK0 | system_i/axi_cfg_register/inst/CE0193_out                                                                                                                        | system_i/axi_cfg_register/inst/p_4_in                                                                                                 |                5 |              8 |         1.60 |
|  system_i/PS7/processing_system7_0/inst/FCLK_CLK0 | system_i/axi_cfg_register/inst/CE0143_out                                                                                                                        | system_i/axi_cfg_register/inst/p_4_in                                                                                                 |                2 |              8 |         4.00 |
|  system_i/PS7/processing_system7_0/inst/FCLK_CLK0 | system_i/axi_cfg_register/inst/CE0167_out                                                                                                                        | system_i/axi_cfg_register/inst/p_4_in                                                                                                 |                2 |              8 |         4.00 |
|  system_i/PS7/processing_system7_0/inst/FCLK_CLK0 | system_i/axi_cfg_register/inst/CE0219_out                                                                                                                        | system_i/axi_cfg_register/inst/p_4_in                                                                                                 |                2 |              8 |         4.00 |
|  system_i/PS7/processing_system7_0/inst/FCLK_CLK0 | system_i/axi_cfg_register/inst/CE0131_out                                                                                                                        | system_i/axi_cfg_register/inst/p_4_in                                                                                                 |                5 |              8 |         1.60 |
|  system_i/PS7/processing_system7_0/inst/FCLK_CLK0 | system_i/axi_cfg_register/inst/CE0233_out                                                                                                                        | system_i/axi_cfg_register/inst/p_4_in                                                                                                 |                2 |              8 |         4.00 |
|  system_i/PS7/processing_system7_0/inst/FCLK_CLK0 | system_i/axi_cfg_register/inst/CE045_out                                                                                                                         | system_i/axi_cfg_register/inst/p_4_in                                                                                                 |                3 |              8 |         2.67 |
|  system_i/PS7/processing_system7_0/inst/FCLK_CLK0 | system_i/axi_cfg_register/inst/CE0247_out                                                                                                                        | system_i/axi_cfg_register/inst/p_4_in                                                                                                 |                3 |              8 |         2.67 |
|  system_i/PS7/processing_system7_0/inst/FCLK_CLK0 | system_i/axi_cfg_register/inst/CE0121_out                                                                                                                        | system_i/axi_cfg_register/inst/p_4_in                                                                                                 |                1 |              8 |         8.00 |
|  system_i/PS7/processing_system7_0/inst/FCLK_CLK0 | system_i/axi_cfg_register/inst/CE0169_out                                                                                                                        | system_i/axi_cfg_register/inst/p_4_in                                                                                                 |                3 |              8 |         2.67 |
|  system_i/PS7/processing_system7_0/inst/FCLK_CLK0 | system_i/axi_cfg_register/inst/CE0127_out                                                                                                                        | system_i/axi_cfg_register/inst/p_4_in                                                                                                 |                3 |              8 |         2.67 |
|  system_i/PS7/processing_system7_0/inst/FCLK_CLK0 | system_i/axi_cfg_register/inst/CE0197_out                                                                                                                        | system_i/axi_cfg_register/inst/p_4_in                                                                                                 |                5 |              8 |         1.60 |
|  system_i/PS7/processing_system7_0/inst/FCLK_CLK0 | system_i/axi_cfg_register/inst/CE065_out                                                                                                                         | system_i/axi_cfg_register/inst/p_4_in                                                                                                 |                1 |              8 |         8.00 |
|  system_i/PS7/processing_system7_0/inst/FCLK_CLK0 | system_i/axi_cfg_register/inst/CE067_out                                                                                                                         | system_i/axi_cfg_register/inst/p_4_in                                                                                                 |                5 |              8 |         1.60 |
|  system_i/PS7/processing_system7_0/inst/FCLK_CLK0 | system_i/axi_cfg_register/inst/CE0103_out                                                                                                                        | system_i/axi_cfg_register/inst/p_4_in                                                                                                 |                1 |              8 |         8.00 |
|  system_i/PS7/processing_system7_0/inst/FCLK_CLK0 | system_i/axi_cfg_register/inst/CE0241_out                                                                                                                        | system_i/axi_cfg_register/inst/p_4_in                                                                                                 |                3 |              8 |         2.67 |
|  system_i/PS7/processing_system7_0/inst/FCLK_CLK0 | system_i/axi_cfg_register/inst/CE0119_out                                                                                                                        | system_i/axi_cfg_register/inst/p_4_in                                                                                                 |                2 |              8 |         4.00 |
|  system_i/PS7/processing_system7_0/inst/FCLK_CLK0 | system_i/axi_cfg_register/inst/CE0107_out                                                                                                                        | system_i/axi_cfg_register/inst/p_4_in                                                                                                 |                3 |              8 |         2.67 |
|  system_i/PS7/processing_system7_0/inst/FCLK_CLK0 | system_i/axi_cfg_register/inst/CE0231_out                                                                                                                        | system_i/axi_cfg_register/inst/p_4_in                                                                                                 |                3 |              8 |         2.67 |
|  system_i/PS7/processing_system7_0/inst/FCLK_CLK0 | system_i/axi_cfg_register/inst/CE061_out                                                                                                                         | system_i/axi_cfg_register/inst/p_4_in                                                                                                 |                2 |              8 |         4.00 |
|  system_i/PS7/processing_system7_0/inst/FCLK_CLK0 | system_i/axi_cfg_register/inst/CE069_out                                                                                                                         | system_i/axi_cfg_register/inst/p_4_in                                                                                                 |                6 |              8 |         1.33 |
|  system_i/PS7/processing_system7_0/inst/FCLK_CLK0 | system_i/axi_cfg_register/inst/CE089_out                                                                                                                         | system_i/axi_cfg_register/inst/p_4_in                                                                                                 |                3 |              8 |         2.67 |
|  system_i/PS7/processing_system7_0/inst/FCLK_CLK0 | system_i/axi_cfg_register/inst/CE0159_out                                                                                                                        | system_i/axi_cfg_register/inst/p_4_in                                                                                                 |                1 |              8 |         8.00 |
|  system_i/PS7/processing_system7_0/inst/FCLK_CLK0 | system_i/axi_cfg_register/inst/CE0153_out                                                                                                                        | system_i/axi_cfg_register/inst/p_4_in                                                                                                 |                3 |              8 |         2.67 |
|  system_i/PS7/processing_system7_0/inst/FCLK_CLK0 | system_i/axi_cfg_register/inst/CE0145_out                                                                                                                        | system_i/axi_cfg_register/inst/p_4_in                                                                                                 |                4 |              8 |         2.00 |
|  system_i/PS7/processing_system7_0/inst/FCLK_CLK0 | system_i/axi_cfg_register/inst/CE0137_out                                                                                                                        | system_i/axi_cfg_register/inst/p_4_in                                                                                                 |                1 |              8 |         8.00 |
|  system_i/PS7/processing_system7_0/inst/FCLK_CLK0 | system_i/axi_cfg_register/inst/CE0133_out                                                                                                                        | system_i/axi_cfg_register/inst/p_4_in                                                                                                 |                4 |              8 |         2.00 |
|  system_i/PS7/processing_system7_0/inst/FCLK_CLK0 | system_i/axi_cfg_register/inst/CE0147_out                                                                                                                        | system_i/axi_cfg_register/inst/p_4_in                                                                                                 |                3 |              8 |         2.67 |
|  system_i/PS7/processing_system7_0/inst/FCLK_CLK0 | system_i/axi_cfg_register/inst/CE099_out                                                                                                                         | system_i/axi_cfg_register/inst/p_4_in                                                                                                 |                3 |              8 |         2.67 |
|  system_i/PS7/processing_system7_0/inst/FCLK_CLK0 | system_i/axi_cfg_register/inst/CE0135_out                                                                                                                        | system_i/axi_cfg_register/inst/p_4_in                                                                                                 |                2 |              8 |         4.00 |
|  system_i/PS7/processing_system7_0/inst/FCLK_CLK0 | system_i/axi_cfg_register/inst/CE0249_out                                                                                                                        | system_i/axi_cfg_register/inst/p_4_in                                                                                                 |                1 |              8 |         8.00 |
|  system_i/PS7/processing_system7_0/inst/FCLK_CLK0 | system_i/axi_cfg_register/inst/WORDS[31].BITS[7].FDRE_inst_i_1_n_0                                                                                               | system_i/axi_cfg_register/inst/p_4_in                                                                                                 |                3 |              8 |         2.67 |
|  system_i/PS7/processing_system7_0/inst/FCLK_CLK0 | system_i/axi_cfg_register/inst/CE0227_out                                                                                                                        | system_i/axi_cfg_register/inst/p_4_in                                                                                                 |                3 |              8 |         2.67 |
|  system_i/PS7/processing_system7_0/inst/FCLK_CLK0 | system_i/axi_cfg_register/inst/CE0123_out                                                                                                                        | system_i/axi_cfg_register/inst/p_4_in                                                                                                 |                2 |              8 |         4.00 |
|  system_i/PS7/processing_system7_0/inst/FCLK_CLK0 | system_i/axi_cfg_register/inst/CE0173_out                                                                                                                        | system_i/axi_cfg_register/inst/p_4_in                                                                                                 |                1 |              8 |         8.00 |
|  system_i/PS7/processing_system7_0/inst/FCLK_CLK0 | system_i/axi_cfg_register/inst/CE0203_out                                                                                                                        | system_i/axi_cfg_register/inst/p_4_in                                                                                                 |                2 |              8 |         4.00 |
|  system_i/PS7/processing_system7_0/inst/FCLK_CLK0 | system_i/axi_cfg_register/inst/CE081_out                                                                                                                         | system_i/axi_cfg_register/inst/p_4_in                                                                                                 |                2 |              8 |         4.00 |
|  system_i/PS7/processing_system7_0/inst/FCLK_CLK0 | system_i/axi_cfg_register/inst/CE0239_out                                                                                                                        | system_i/axi_cfg_register/inst/p_4_in                                                                                                 |                2 |              8 |         4.00 |
|  system_i/PS7/processing_system7_0/inst/FCLK_CLK0 | system_i/axi_cfg_register/inst/CE0                                                                                                                               | system_i/axi_cfg_register/inst/p_4_in                                                                                                 |                5 |              8 |         1.60 |
|  system_i/PS7/processing_system7_0/inst/FCLK_CLK0 | system_i/axi_cfg_register/inst/CE047_out                                                                                                                         | system_i/axi_cfg_register/inst/p_4_in                                                                                                 |                1 |              8 |         8.00 |
|  system_i/PS7/processing_system7_0/inst/FCLK_CLK0 | system_i/axi_cfg_register/inst/CE037_out                                                                                                                         | system_i/axi_cfg_register/inst/p_4_in                                                                                                 |                3 |              8 |         2.67 |
|  system_i/PS7/processing_system7_0/inst/FCLK_CLK0 | system_i/axi_cfg_register/inst/CE0213_out                                                                                                                        | system_i/axi_cfg_register/inst/p_4_in                                                                                                 |                2 |              8 |         4.00 |
|  system_i/PS7/processing_system7_0/inst/FCLK_CLK0 | system_i/axi_cfg_register/inst/CE03_out                                                                                                                          | system_i/axi_cfg_register/inst/p_4_in                                                                                                 |                3 |              8 |         2.67 |
|  system_i/PS7/processing_system7_0/inst/FCLK_CLK0 | system_i/axi_cfg_register/inst/CE075_out                                                                                                                         | system_i/axi_cfg_register/inst/p_4_in                                                                                                 |                6 |              8 |         1.33 |
|  system_i/PS7/processing_system7_0/inst/FCLK_CLK0 | system_i/axi_cfg_register/inst/CE0245_out                                                                                                                        | system_i/axi_cfg_register/inst/p_4_in                                                                                                 |                1 |              8 |         8.00 |
|  system_i/PS7/processing_system7_0/inst/FCLK_CLK0 | system_i/axi_cfg_register/inst/CE051_out                                                                                                                         | system_i/axi_cfg_register/inst/p_4_in                                                                                                 |                1 |              8 |         8.00 |
|  system_i/PS7/processing_system7_0/inst/FCLK_CLK0 | system_i/axi_cfg_register/inst/CE0191_out                                                                                                                        | system_i/axi_cfg_register/inst/p_4_in                                                                                                 |                4 |              8 |         2.00 |
|  system_i/PS7/processing_system7_0/inst/FCLK_CLK0 | system_i/axi_cfg_register/inst/CE0101_out                                                                                                                        | system_i/axi_cfg_register/inst/p_4_in                                                                                                 |                2 |              8 |         4.00 |
|  system_i/PS7/processing_system7_0/inst/FCLK_CLK0 | system_i/axi_cfg_register/inst/CE0171_out                                                                                                                        | system_i/axi_cfg_register/inst/p_4_in                                                                                                 |                2 |              8 |         4.00 |
|  system_i/PS7/processing_system7_0/inst/FCLK_CLK0 | system_i/axi_cfg_register/inst/CE0205_out                                                                                                                        | system_i/axi_cfg_register/inst/p_4_in                                                                                                 |                3 |              8 |         2.67 |
|  system_i/PS7/processing_system7_0/inst/FCLK_CLK0 | system_i/axi_cfg_register/inst/CE0113_out                                                                                                                        | system_i/axi_cfg_register/inst/p_4_in                                                                                                 |                1 |              8 |         8.00 |
|  system_i/PS7/processing_system7_0/inst/FCLK_CLK0 | system_i/axi_cfg_register/inst/CE0165_out                                                                                                                        | system_i/axi_cfg_register/inst/p_4_in                                                                                                 |                3 |              8 |         2.67 |
|  system_i/PS7/processing_system7_0/inst/FCLK_CLK0 | system_i/PS7/ps7_0_axi_periph/s00_couplers/auto_pc/inst/gen_axilite.gen_b2s_conv.axilite_b2s/WR.b_channel_0/mhandshake_r                                         | system_i/PS7/ps7_0_axi_periph/s00_couplers/auto_pc/inst/gen_axilite.gen_b2s_conv.axilite_b2s/WR.b_channel_0/bid_fifo_0/SR[0]          |                2 |              8 |         4.00 |
|  system_i/PS7/processing_system7_0/inst/FCLK_CLK0 | system_i/axi_cfg_register/inst/CE0221_out                                                                                                                        | system_i/axi_cfg_register/inst/p_4_in                                                                                                 |                2 |              8 |         4.00 |
|  system_i/PS7/processing_system7_0/inst/FCLK_CLK0 | system_i/axi_cfg_register/inst/CE017_out                                                                                                                         | system_i/axi_cfg_register/inst/p_4_in                                                                                                 |                2 |              8 |         4.00 |
|  system_i/PS7/processing_system7_0/inst/FCLK_CLK0 | system_i/axi_cfg_register/inst/CE0235_out                                                                                                                        | system_i/axi_cfg_register/inst/p_4_in                                                                                                 |                2 |              8 |         4.00 |
|  system_i/PS7/processing_system7_0/inst/FCLK_CLK0 | system_i/axi_cfg_register/inst/CE043_out                                                                                                                         | system_i/axi_cfg_register/inst/p_4_in                                                                                                 |                1 |              8 |         8.00 |
|  system_i/PS7/processing_system7_0/inst/FCLK_CLK0 | system_i/axi_cfg_register/inst/CE0155_out                                                                                                                        | system_i/axi_cfg_register/inst/p_4_in                                                                                                 |                1 |              8 |         8.00 |
|  system_i/PS7/processing_system7_0/inst/FCLK_CLK0 | system_i/axi_cfg_register/inst/CE0151_out                                                                                                                        | system_i/axi_cfg_register/inst/p_4_in                                                                                                 |                2 |              8 |         4.00 |
|  system_i/PS7/processing_system7_0/inst/FCLK_CLK0 | system_i/axi_cfg_register/inst/CE0149_out                                                                                                                        | system_i/axi_cfg_register/inst/p_4_in                                                                                                 |                4 |              8 |         2.00 |
|  system_i/PS7/processing_system7_0/inst/FCLK_CLK0 | system_i/axi_cfg_register/inst/CE013_out                                                                                                                         | system_i/axi_cfg_register/inst/p_4_in                                                                                                 |                3 |              8 |         2.67 |
|  system_i/PS7/processing_system7_0/inst/FCLK_CLK0 | system_i/axi_cfg_register/inst/CE0199_out                                                                                                                        | system_i/axi_cfg_register/inst/p_4_in                                                                                                 |                4 |              8 |         2.00 |
|  system_i/PS7/processing_system7_0/inst/FCLK_CLK0 | system_i/axi_cfg_register/inst/CE0187_out                                                                                                                        | system_i/axi_cfg_register/inst/p_4_in                                                                                                 |                2 |              8 |         4.00 |
|  system_i/PS7/processing_system7_0/inst/FCLK_CLK0 | system_i/axi_cfg_register/inst/CE071_out                                                                                                                         | system_i/axi_cfg_register/inst/p_4_in                                                                                                 |                4 |              8 |         2.00 |
|  system_i/PS7/processing_system7_0/inst/FCLK_CLK0 | system_i/axi_cfg_register/inst/CE091_out                                                                                                                         | system_i/axi_cfg_register/inst/p_4_in                                                                                                 |                5 |              8 |         1.60 |
|  system_i/PS7/processing_system7_0/inst/FCLK_CLK0 | system_i/axi_cfg_register/inst/CE093_out                                                                                                                         | system_i/axi_cfg_register/inst/p_4_in                                                                                                 |                3 |              8 |         2.67 |
|  system_i/PS7/processing_system7_0/inst/FCLK_CLK0 | system_i/axi_cfg_register/inst/CE087_out                                                                                                                         | system_i/axi_cfg_register/inst/p_4_in                                                                                                 |                2 |              8 |         4.00 |
|  system_i/PS7/processing_system7_0/inst/FCLK_CLK0 | system_i/axi_cfg_register/inst/CE083_out                                                                                                                         | system_i/axi_cfg_register/inst/p_4_in                                                                                                 |                2 |              8 |         4.00 |
|  system_i/PS7/processing_system7_0/inst/FCLK_CLK0 | system_i/axi_cfg_register/inst/CE079_out                                                                                                                         | system_i/axi_cfg_register/inst/p_4_in                                                                                                 |                2 |              8 |         4.00 |
|  system_i/PS7/processing_system7_0/inst/FCLK_CLK0 | system_i/axi_cfg_register/inst/CE06_out                                                                                                                          | system_i/axi_cfg_register/inst/p_4_in                                                                                                 |                4 |              8 |         2.00 |
|  system_i/PS7/processing_system7_0/inst/FCLK_CLK0 | system_i/axi_cfg_register/inst/CE063_out                                                                                                                         | system_i/axi_cfg_register/inst/p_4_in                                                                                                 |                2 |              8 |         4.00 |
|  system_i/PS7/processing_system7_0/inst/FCLK_CLK0 | system_i/axi_cfg_register/inst/CE073_out                                                                                                                         | system_i/axi_cfg_register/inst/p_4_in                                                                                                 |                4 |              8 |         2.00 |
|  system_i/PS7/processing_system7_0/inst/FCLK_CLK0 | system_i/axi_cfg_register/inst/CE097_out                                                                                                                         | system_i/axi_cfg_register/inst/p_4_in                                                                                                 |                2 |              8 |         4.00 |
|  system_i/PS7/processing_system7_0/inst/FCLK_CLK0 | system_i/axi_cfg_register/inst/CE057_out                                                                                                                         | system_i/axi_cfg_register/inst/p_4_in                                                                                                 |                2 |              8 |         4.00 |
|  system_i/PS7/processing_system7_0/inst/FCLK_CLK0 | system_i/axi_cfg_register/inst/CE041_out                                                                                                                         | system_i/axi_cfg_register/inst/p_4_in                                                                                                 |                2 |              8 |         4.00 |
|  system_i/PS7/processing_system7_0/inst/FCLK_CLK0 | system_i/axi_cfg_register/inst/CE033_out                                                                                                                         | system_i/axi_cfg_register/inst/p_4_in                                                                                                 |                4 |              8 |         2.00 |
|  system_i/PS7/processing_system7_0/inst/FCLK_CLK0 | system_i/axi_cfg_register/inst/CE039_out                                                                                                                         | system_i/axi_cfg_register/inst/p_4_in                                                                                                 |                4 |              8 |         2.00 |
|  system_i/PS7/processing_system7_0/inst/FCLK_CLK0 | system_i/axi_cfg_register/inst/CE035_out                                                                                                                         | system_i/axi_cfg_register/inst/p_4_in                                                                                                 |                2 |              8 |         4.00 |
|  system_i/PS7/processing_system7_0/inst/FCLK_CLK0 | system_i/axi_cfg_register/inst/CE031_out                                                                                                                         | system_i/axi_cfg_register/inst/p_4_in                                                                                                 |                2 |              8 |         4.00 |
|  system_i/PS7/processing_system7_0/inst/FCLK_CLK0 | system_i/axi_cfg_register/inst/CE0253_out                                                                                                                        | system_i/axi_cfg_register/inst/p_4_in                                                                                                 |                3 |              8 |         2.67 |
|  system_i/PS7/processing_system7_0/inst/FCLK_CLK0 | system_i/axi_cfg_register/inst/CE0229_out                                                                                                                        | system_i/axi_cfg_register/inst/p_4_in                                                                                                 |                2 |              8 |         4.00 |
|  system_i/PS7/processing_system7_0/inst/FCLK_CLK0 | system_i/axi_cfg_register/inst/CE095_out                                                                                                                         | system_i/axi_cfg_register/inst/p_4_in                                                                                                 |                2 |              8 |         4.00 |
|  system_i/PS7/processing_system7_0/inst/FCLK_CLK0 | system_i/axi_cfg_register/inst/CE09_out                                                                                                                          | system_i/axi_cfg_register/inst/p_4_in                                                                                                 |                4 |              8 |         2.00 |
|  system_i/PS7/processing_system7_0/inst/FCLK_CLK0 | system_i/axi_cfg_register/inst/CE049_out                                                                                                                         | system_i/axi_cfg_register/inst/p_4_in                                                                                                 |                3 |              8 |         2.67 |
|  system_i/PS7/processing_system7_0/inst/FCLK_CLK0 | system_i/axi_cfg_register/inst/CE029_out                                                                                                                         | system_i/axi_cfg_register/inst/p_4_in                                                                                                 |                3 |              8 |         2.67 |
|  system_i/PS7/processing_system7_0/inst/FCLK_CLK0 | system_i/axi_cfg_register/inst/CE0109_out                                                                                                                        | system_i/axi_cfg_register/inst/p_4_in                                                                                                 |                4 |              8 |         2.00 |
|  system_i/PS7/processing_system7_0/inst/FCLK_CLK0 | system_i/axi_cfg_register/inst/CE0177_out                                                                                                                        | system_i/axi_cfg_register/inst/p_4_in                                                                                                 |                2 |              8 |         4.00 |
|  system_i/PS7/processing_system7_0/inst/FCLK_CLK0 | system_i/axi_cfg_register/inst/CE0255_out                                                                                                                        | system_i/axi_cfg_register/inst/p_4_in                                                                                                 |                4 |              8 |         2.00 |
|  system_i/PS7/processing_system7_0/inst/FCLK_CLK0 | system_i/axi_cfg_register/inst/CE025_out                                                                                                                         | system_i/axi_cfg_register/inst/p_4_in                                                                                                 |                3 |              8 |         2.67 |
|  system_i/PS7/processing_system7_0/inst/FCLK_CLK0 | system_i/axi_cfg_register/inst/CE0211_out                                                                                                                        | system_i/axi_cfg_register/inst/p_4_in                                                                                                 |                2 |              8 |         4.00 |
|  system_i/PS7/processing_system7_0/inst/FCLK_CLK0 | system_i/axi_cfg_register/inst/CE0189_out                                                                                                                        | system_i/axi_cfg_register/inst/p_4_in                                                                                                 |                1 |              8 |         8.00 |
|  system_i/PS7/processing_system7_0/inst/FCLK_CLK0 | system_i/axi_cfg_register/inst/CE053_out                                                                                                                         | system_i/axi_cfg_register/inst/p_4_in                                                                                                 |                2 |              8 |         4.00 |
|  system_i/PS7/processing_system7_0/inst/FCLK_CLK0 | system_i/axi_cfg_register/inst/CE085_out                                                                                                                         | system_i/axi_cfg_register/inst/p_4_in                                                                                                 |                4 |              8 |         2.00 |
|  system_i/PS7/processing_system7_0/inst/FCLK_CLK0 | system_i/axi_cfg_register/inst/CE055_out                                                                                                                         | system_i/axi_cfg_register/inst/p_4_in                                                                                                 |                3 |              8 |         2.67 |
|  system_i/PS7/processing_system7_0/inst/FCLK_CLK0 | system_i/axi_cfg_register/inst/CE0237_out                                                                                                                        | system_i/axi_cfg_register/inst/p_4_in                                                                                                 |                3 |              8 |         2.67 |
|  system_i/PS7/processing_system7_0/inst/FCLK_CLK0 | system_i/axi_cfg_register/inst/CE0183_out                                                                                                                        | system_i/axi_cfg_register/inst/p_4_in                                                                                                 |                4 |              8 |         2.00 |
|  system_i/PS7/processing_system7_0/inst/FCLK_CLK0 | system_i/axi_cfg_register/inst/CE027_out                                                                                                                         | system_i/axi_cfg_register/inst/p_4_in                                                                                                 |                5 |              8 |         1.60 |
|  system_i/PS7/processing_system7_0/inst/FCLK_CLK0 | system_i/axi_cfg_register/inst/CE0115_out                                                                                                                        | system_i/axi_cfg_register/inst/p_4_in                                                                                                 |                1 |              8 |         8.00 |
|  system_i/PS7/processing_system7_0/inst/FCLK_CLK0 | system_i/axi_cfg_register/inst/CE0111_out                                                                                                                        | system_i/axi_cfg_register/inst/p_4_in                                                                                                 |                1 |              8 |         8.00 |
|  system_i/PS7/processing_system7_0/inst/FCLK_CLK0 | system_i/axi_cfg_register/inst/CE0105_out                                                                                                                        | system_i/axi_cfg_register/inst/p_4_in                                                                                                 |                3 |              8 |         2.67 |
|  system_i/PS7/processing_system7_0/inst/FCLK_CLK0 | system_i/axi_cfg_register/inst/CE0129_out                                                                                                                        | system_i/axi_cfg_register/inst/p_4_in                                                                                                 |                1 |              8 |         8.00 |
|  system_i/PS7/processing_system7_0/inst/FCLK_CLK0 | system_i/axi_cfg_register/inst/CE0125_out                                                                                                                        | system_i/axi_cfg_register/inst/p_4_in                                                                                                 |                2 |              8 |         4.00 |
|  system_i/PS7/processing_system7_0/inst/FCLK_CLK0 | system_i/axi_cfg_register/inst/CE0139_out                                                                                                                        | system_i/axi_cfg_register/inst/p_4_in                                                                                                 |                1 |              8 |         8.00 |
|  system_i/PS7/processing_system7_0/inst/FCLK_CLK0 | system_i/axi_cfg_register/inst/CE011_out                                                                                                                         | system_i/axi_cfg_register/inst/p_4_in                                                                                                 |                3 |              8 |         2.67 |
|  system_i/PS7/processing_system7_0/inst/FCLK_CLK0 | system_i/axi_cfg_register/inst/CE0141_out                                                                                                                        | system_i/axi_cfg_register/inst/p_4_in                                                                                                 |                1 |              8 |         8.00 |
|  system_i/PS7/processing_system7_0/inst/FCLK_CLK0 | system_i/axi_cfg_register/inst/CE0161_out                                                                                                                        | system_i/axi_cfg_register/inst/p_4_in                                                                                                 |                2 |              8 |         4.00 |
|  system_i/PS7/processing_system7_0/inst/FCLK_CLK0 | system_i/axi_cfg_register/inst/CE015_out                                                                                                                         | system_i/axi_cfg_register/inst/p_4_in                                                                                                 |                1 |              8 |         8.00 |
|  system_i/PS7/processing_system7_0/inst/FCLK_CLK0 | system_i/axi_cfg_register/inst/CE0157_out                                                                                                                        | system_i/axi_cfg_register/inst/p_4_in                                                                                                 |                1 |              8 |         8.00 |
|  system_i/PS7/processing_system7_0/inst/FCLK_CLK0 | system_i/axi_cfg_register/inst/CE0163_out                                                                                                                        | system_i/axi_cfg_register/inst/p_4_in                                                                                                 |                1 |              8 |         8.00 |
|  system_i/PS7/processing_system7_0/inst/FCLK_CLK0 | system_i/axi_cfg_register/inst/CE0179_out                                                                                                                        | system_i/axi_cfg_register/inst/p_4_in                                                                                                 |                4 |              8 |         2.00 |
|  system_i/PS7/processing_system7_0/inst/FCLK_CLK0 | system_i/axi_cfg_register/inst/CE0185_out                                                                                                                        | system_i/axi_cfg_register/inst/p_4_in                                                                                                 |                3 |              8 |         2.67 |
|  system_i/PS7/processing_system7_0/inst/FCLK_CLK0 | system_i/axi_cfg_register/inst/CE0181_out                                                                                                                        | system_i/axi_cfg_register/inst/p_4_in                                                                                                 |                4 |              8 |         2.00 |
|  system_i/PS7/processing_system7_0/inst/FCLK_CLK0 | system_i/axi_cfg_register/inst/CE059_out                                                                                                                         | system_i/axi_cfg_register/inst/p_4_in                                                                                                 |                2 |              8 |         4.00 |
|  system_i/PS7/processing_system7_0/inst/FCLK_CLK0 | system_i/axi_cfg_register/inst/CE0117_out                                                                                                                        | system_i/axi_cfg_register/inst/p_4_in                                                                                                 |                3 |              8 |         2.67 |
|  system_i/PS7/processing_system7_0/inst/FCLK_CLK0 | system_i/axi_cfg_register/inst/CE0251_out                                                                                                                        | system_i/axi_cfg_register/inst/p_4_in                                                                                                 |                3 |              8 |         2.67 |
|  system_i/PS7/processing_system7_0/inst/FCLK_CLK0 | system_i/axi_cfg_register/inst/CE0243_out                                                                                                                        | system_i/axi_cfg_register/inst/p_4_in                                                                                                 |                1 |              8 |         8.00 |
|  system_i/PS7/processing_system7_0/inst/FCLK_CLK0 | system_i/axi_cfg_register/inst/CE023_out                                                                                                                         | system_i/axi_cfg_register/inst/p_4_in                                                                                                 |                2 |              8 |         4.00 |
|  system_i/PS7/processing_system7_0/inst/FCLK_CLK0 | system_i/axi_cfg_register/inst/CE0201_out                                                                                                                        | system_i/axi_cfg_register/inst/p_4_in                                                                                                 |                3 |              8 |         2.67 |
|  system_i/PS7/processing_system7_0/inst/FCLK_CLK0 | system_i/axi_cfg_register/inst/CE0225_out                                                                                                                        | system_i/axi_cfg_register/inst/p_4_in                                                                                                 |                3 |              8 |         2.67 |
|  system_i/PS7/processing_system7_0/inst/FCLK_CLK0 | system_i/axi_cfg_register/inst/CE0223_out                                                                                                                        | system_i/axi_cfg_register/inst/p_4_in                                                                                                 |                2 |              8 |         4.00 |
|  system_i/PS7/processing_system7_0/inst/FCLK_CLK0 | system_i/axi_cfg_register/inst/CE021_out                                                                                                                         | system_i/axi_cfg_register/inst/p_4_in                                                                                                 |                4 |              8 |         2.00 |
|  system_i/PS7/processing_system7_0/inst/FCLK_CLK0 | system_i/axi_cfg_register/inst/CE0217_out                                                                                                                        | system_i/axi_cfg_register/inst/p_4_in                                                                                                 |                2 |              8 |         4.00 |
|  system_i/PS7/processing_system7_0/inst/FCLK_CLK0 | system_i/axi_cfg_register/inst/CE0215_out                                                                                                                        | system_i/axi_cfg_register/inst/p_4_in                                                                                                 |                2 |              8 |         4.00 |
|  system_i/PS7/processing_system7_0/inst/FCLK_CLK0 | system_i/axi_cfg_register/inst/CE0209_out                                                                                                                        | system_i/axi_cfg_register/inst/p_4_in                                                                                                 |                1 |              8 |         8.00 |
|  system_i/PS7/processing_system7_0/inst/FCLK_CLK0 | system_i/axi_cfg_register/inst/CE0175_out                                                                                                                        | system_i/axi_cfg_register/inst/p_4_in                                                                                                 |                1 |              8 |         8.00 |
|  system_i/PS7/processing_system7_0/inst/FCLK_CLK0 | system_i/axi_cfg_register/inst/CE0207_out                                                                                                                        | system_i/axi_cfg_register/inst/p_4_in                                                                                                 |                2 |              8 |         4.00 |
|  system_i/PS7/processing_system7_0/inst/FCLK_CLK0 | system_i/axi_cfg_register/inst/CE019_out                                                                                                                         | system_i/axi_cfg_register/inst/p_4_in                                                                                                 |                2 |              8 |         4.00 |
|  system_i/PS7/processing_system7_0/inst/FCLK_CLK0 | system_i/axi_cfg_register/inst/CE0195_out                                                                                                                        | system_i/axi_cfg_register/inst/p_4_in                                                                                                 |                5 |              8 |         1.60 |
|  system_i/PS7/processing_system7_0/inst/FCLK_CLK0 |                                                                                                                                                                  | system_i/axi_cfg_register/inst/p_4_in                                                                                                 |                4 |              9 |         2.25 |
|  system_i/PS7/processing_system7_0/inst/FCLK_CLK0 |                                                                                                                                                                  | system_i/PS7/ps7_0_axi_periph/s00_couplers/auto_pc/inst/gen_axilite.gen_b2s_conv.axilite_b2s/areset_d1                                |                4 |             10 |         2.50 |
|  system_i/PS7/processing_system7_0/inst/FCLK_CLK0 |                                                                                                                                                                  | system_i/PS7/ps7_0_axi_periph/xbar/inst/gen_sasd.crossbar_sasd_0/addr_arbiter_inst/SR[0]                                              |                6 |             11 |         1.83 |
|  system_i/PS7/processing_system7_0/inst/FCLK_CLK0 | system_i/PS7/ps7_0_axi_periph/s00_couplers/auto_pc/inst/gen_axilite.gen_b2s_conv.axilite_b2s/WR.aw_channel_0/aw_cmd_fsm_0/FSM_sequential_state_reg[1]_0[0]       |                                                                                                                                       |                4 |             12 |         3.00 |
|  system_i/PS7/processing_system7_0/inst/FCLK_CLK0 | system_i/PS7/ps7_0_axi_periph/s00_couplers/auto_pc/inst/gen_axilite.gen_b2s_conv.axilite_b2s/RD.ar_channel_0/ar_cmd_fsm_0/sel_first_reg[0]                       |                                                                                                                                       |                3 |             12 |         4.00 |
|  system_i/PS7/processing_system7_0/inst/FCLK_CLK0 | system_i/PS7/ps7_0_axi_periph/s00_couplers/auto_pc/inst/gen_axilite.gen_b2s_conv.axilite_b2s/WR.aw_channel_0/cmd_translator_0/incr_cmd_0/axaddr_incr[11]_i_1_n_0 |                                                                                                                                       |                4 |             12 |         3.00 |
|  system_i/PS7/processing_system7_0/inst/FCLK_CLK0 | system_i/PS7/ps7_0_axi_periph/s00_couplers/auto_pc/inst/gen_axilite.gen_b2s_conv.axilite_b2s/RD.ar_channel_0/ar_cmd_fsm_0/E[0]                                   |                                                                                                                                       |                5 |             12 |         2.40 |
|  system_i/PS7/processing_system7_0/inst/FCLK_CLK0 | system_i/PS7/ps7_0_axi_periph/s00_couplers/auto_pc/inst/gen_axilite.gen_b2s_conv.axilite_b2s/RD.r_channel_0/r_push_r                                             |                                                                                                                                       |                4 |             13 |         3.25 |
|  system_i/PS7/processing_system7_0/inst/FCLK_CLK0 | system_i/PS7/ps7_0_axi_periph/s00_couplers/auto_pc/inst/gen_axilite.gen_b2s_conv.axilite_b2s/SI_REG/b.b_pipe/p_1_in                                              |                                                                                                                                       |                2 |             14 |         7.00 |
|  system_i/PS7/processing_system7_0/inst/FCLK_CLK0 | system_i/PS7/ps7_0_axi_periph/s00_couplers/auto_pc/inst/gen_axilite.gen_b2s_conv.axilite_b2s/SI_REG/b.b_pipe/s_ready_i_reg_0                                     |                                                                                                                                       |                3 |             14 |         4.67 |
|  system_i/PS7/processing_system7_0/inst/FCLK_CLK0 | system_i/PS7/ps7_0_axi_periph/s00_couplers/auto_pc/inst/gen_axilite.gen_b2s_conv.axilite_b2s/WR.b_channel_0/bid_fifo_0/sel                                       |                                                                                                                                       |                3 |             16 |         5.33 |
|  system_i/ADC_BLOCK/ADC_REG/inst/adc_clk          | system_i/ADC_DAC_LOOP/inst/ADC0/ADC_AVERAGE0/COUNT0/E[0]                                                                                                         | system_i/ADC_DAC_LOOP/inst/ADC0/FSM0/RST                                                                                              |                6 |             22 |         3.67 |
|  system_i/PS7/processing_system7_0/inst/FCLK_CLK0 | system_i/PS7/ps7_0_axi_periph/s00_couplers/auto_pc/inst/gen_axilite.gen_b2s_conv.axilite_b2s/RD.ar_channel_0/ar_cmd_fsm_0/m_valid_i_reg[0]                       |                                                                                                                                       |                9 |             24 |         2.67 |
|  system_i/PS7/processing_system7_0/inst/FCLK_CLK0 | system_i/PS7/ps7_0_axi_periph/s00_couplers/auto_pc/inst/gen_axilite.gen_b2s_conv.axilite_b2s/WR.aw_channel_0/aw_cmd_fsm_0/E[0]                                   |                                                                                                                                       |                9 |             24 |         2.67 |
|  system_i/PS7/processing_system7_0/inst/FCLK_CLK0 | system_i/PS7/ps7_0_axi_periph/xbar/inst/gen_sasd.crossbar_sasd_0/addr_arbiter_inst/p_0_in1_in                                                                    | system_i/PS7/ps7_0_axi_periph/xbar/inst/gen_sasd.crossbar_sasd_0/addr_arbiter_inst/SR[0]                                              |               10 |             26 |         2.60 |
|  system_i/PS7/processing_system7_0/inst/FCLK_CLK0 | system_i/PS7/axi_gpio_0/U0/AXI_LITE_IPIF_I/I_SLAVE_ATTACHMENT/I_DECODER/bus2ip_rnw_i_reg_0[0]                                                                    | system_i/PS7/axi_gpio_0/U0/AXI_LITE_IPIF_I/I_SLAVE_ATTACHMENT/SR[0]                                                                   |               10 |             32 |         3.20 |
|  system_i/PS7/processing_system7_0/inst/FCLK_CLK0 | system_i/PS7/axi_gpio_0/U0/AXI_LITE_IPIF_I/I_SLAVE_ATTACHMENT/I_DECODER/E[0]                                                                                     | system_i/PS7/axi_gpio_0/U0/AXI_LITE_IPIF_I/I_SLAVE_ATTACHMENT/SR[0]                                                                   |               14 |             32 |         2.29 |
|  system_i/ADC_BLOCK/ADC_REG/inst/adc_clk          | system_i/ADC_DAC_LOOP/inst/ADC0/ADC_AVERAGE0/COUNT0/sel                                                                                                          | system_i/ADC_DAC_LOOP/inst/ADC0/FSM0/RST                                                                                              |                8 |             32 |         4.00 |
|  system_i/PS7/processing_system7_0/inst/FCLK_CLK0 | system_i/axi_cfg_register/inst/int_rdata_reg0                                                                                                                    | system_i/axi_cfg_register/inst/p_4_in                                                                                                 |               17 |             32 |         1.88 |
|  system_i/PS7/processing_system7_0/inst/FCLK_CLK0 | system_i/PS7/axi_gpio_0/U0/AXI_LITE_IPIF_I/I_SLAVE_ATTACHMENT/s_axi_rresp_i                                                                                      | system_i/PS7/axi_gpio_0/U0/AXI_LITE_IPIF_I/I_SLAVE_ATTACHMENT/SR[0]                                                                   |               12 |             32 |         2.67 |
|  system_i/PS7/processing_system7_0/inst/FCLK_CLK0 | system_i/axi_cfg_register/inst/s_axi_wready                                                                                                                      | system_i/axi_cfg_register/inst/p_4_in                                                                                                 |               10 |             32 |         3.20 |
|  system_i/PS7/processing_system7_0/inst/FCLK_CLK0 | system_i/PS7/ps7_0_axi_periph/s00_couplers/auto_pc/inst/gen_axilite.gen_b2s_conv.axilite_b2s/RD.r_channel_0/rd_data_fifo_0/wr_en0                                |                                                                                                                                       |                9 |             34 |         3.78 |
|  system_i/PS7/processing_system7_0/inst/FCLK_CLK0 | system_i/PS7/ps7_0_axi_periph/xbar/inst/gen_sasd.crossbar_sasd_0/addr_arbiter_inst/E[0]                                                                          |                                                                                                                                       |               14 |             35 |         2.50 |
|  system_i/PS7/processing_system7_0/inst/FCLK_CLK0 | system_i/PS7/axi_gpio_0/U0/AXI_LITE_IPIF_I/I_SLAVE_ATTACHMENT/I_DECODER/bus2ip_rnw_i_reg[0]                                                                      | system_i/PS7/axi_gpio_0/U0/AXI_LITE_IPIF_I/I_SLAVE_ATTACHMENT/SR[0]                                                                   |               16 |             46 |         2.88 |
|  system_i/PS7/processing_system7_0/inst/FCLK_CLK0 | system_i/PS7/ps7_0_axi_periph/s00_couplers/auto_pc/inst/gen_axilite.gen_b2s_conv.axilite_b2s/SI_REG/r.r_pipe/p_1_in                                              |                                                                                                                                       |               10 |             47 |         4.70 |
|  system_i/PS7/processing_system7_0/inst/FCLK_CLK0 | system_i/PS7/ps7_0_axi_periph/s00_couplers/auto_pc/inst/gen_axilite.gen_b2s_conv.axilite_b2s/SI_REG/r.r_pipe/s_ready_i_reg_0                                     |                                                                                                                                       |               12 |             47 |         3.92 |
|  system_i/PS7/processing_system7_0/inst/FCLK_CLK0 |                                                                                                                                                                  | system_i/PS7/axi_gpio_0/U0/AXI_LITE_IPIF_I/I_SLAVE_ATTACHMENT/SR[0]                                                                   |               23 |             47 |         2.04 |
|  system_i/PS7/processing_system7_0/inst/FCLK_CLK0 | system_i/PS7/ps7_0_axi_periph/s00_couplers/auto_pc/inst/gen_axilite.gen_b2s_conv.axilite_b2s/SI_REG/aw.aw_pipe/s_ready_i_reg_0                                   |                                                                                                                                       |               10 |             52 |         5.20 |
|  system_i/PS7/processing_system7_0/inst/FCLK_CLK0 | system_i/PS7/ps7_0_axi_periph/s00_couplers/auto_pc/inst/gen_axilite.gen_b2s_conv.axilite_b2s/SI_REG/ar.ar_pipe/s_ready_i_reg_0                                   |                                                                                                                                       |                8 |             52 |         6.50 |
|  system_i/PS7/processing_system7_0/inst/FCLK_CLK0 | system_i/PS7/ps7_0_axi_periph/s00_couplers/auto_pc/inst/gen_axilite.gen_b2s_conv.axilite_b2s/RD.ar_channel_0/ar_cmd_fsm_0/m_valid_i_reg_1[0]                     |                                                                                                                                       |                8 |             52 |         6.50 |
|  system_i/PS7/processing_system7_0/inst/FCLK_CLK0 | system_i/PS7/ps7_0_axi_periph/s00_couplers/auto_pc/inst/gen_axilite.gen_b2s_conv.axilite_b2s/WR.b_channel_0/bid_fifo_0/E[0]                                      |                                                                                                                                       |               11 |             52 |         4.73 |
| ~system_i/ADC_BLOCK/ADC_REG/inst/adc_clk          | system_i/ADC_DAC_LOOP/inst/ADC0/FSM0/Q[1]                                                                                                                        | system_i/ADC_DAC_LOOP/inst/ADC0/FSM0/Q[0]                                                                                             |               23 |             96 |         4.17 |
|  system_i/PS7/processing_system7_0/inst/FCLK_CLK0 |                                                                                                                                                                  | system_i/PS7/axi_gpio_0/U0/AXI_LITE_IPIF_I/I_SLAVE_ATTACHMENT/I_DECODER/bus2ip_rnw_i_reg_2                                            |               31 |             96 |         3.10 |
|  system_i/PS7/processing_system7_0/inst/FCLK_CLK0 |                                                                                                                                                                  |                                                                                                                                       |              128 |            482 |         3.77 |
+---------------------------------------------------+------------------------------------------------------------------------------------------------------------------------------------------------------------------+---------------------------------------------------------------------------------------------------------------------------------------+------------------+----------------+--------------+


