#-----------------------------------------------------------
# Vivado v2020.1 (64-bit)
# SW Build 2902540 on Wed May 27 19:54:35 MDT 2020
# IP Build 2902112 on Wed May 27 22:43:36 MDT 2020
# Start of session at: Thu Jun 16 12:47:20 2022
# Process ID: 16587
# Current directory: /home/taylor/Documents/new_spgd
# Command line: vivado -source make_project.tcl
# Log file: /home/taylor/Documents/new_spgd/vivado.log
# Journal file: /home/taylor/Documents/new_spgd/vivado.jou
#-----------------------------------------------------------
start_gui
source make_project.tcl
update_compile_order -fileset sources_1
regenerate_bd_layout
save_bd_design
launch_runs impl_1 -to_step write_bitstream -jobs 16
wait_on_run impl_1
startgroup
set_property -dict [list CONFIG.Flow_Control {NonBlocking} CONFIG.Axi_Optimize_Goal {Resources} CONFIG.Has_RESULT_TREADY {false} CONFIG.C_Latency {8}] [get_bd_cells cal_gain_mult_0]
endgroup
startgroup
set_property -dict [list CONFIG.Flow_Control {NonBlocking} CONFIG.Axi_Optimize_Goal {Resources} CONFIG.Has_RESULT_TREADY {false} CONFIG.C_Latency {8}] [get_bd_cells cal_gain_mult_1]
endgroup
save_bd_design
reset_run synth_1
reset_run system_cal_gain_mult_0_0_synth_1
reset_run system_cal_gain_mult_1_0_synth_1
launch_runs impl_1 -to_step write_bitstream -jobs 16
wait_on_run impl_1
open_run impl_1
open_bd_design {/home/taylor/Documents/new_spgd/tmp/new_spgd/new_spgd.srcs/sources_1/bd/system/system.bd}
delete_bd_objs [get_bd_intf_nets cal_gain_mult_0_M_AXIS_RESULT]
delete_bd_objs [get_bd_intf_nets ADC_cal_fp_constants_m_axis_a]
connect_bd_intf_net [get_bd_intf_pins ADC_cal_fp_constants/m_axis_a] [get_bd_intf_pins AXIS_to_GPIO/s_axis]
save_bd_design
reset_run synth_1
launch_runs impl_1 -to_step write_bitstream -jobs 16
wait_on_run impl_1
delete_bd_objs [get_bd_intf_nets ADC_cal_fp_constants_m_axis_a]
connect_bd_intf_net [get_bd_intf_pins ADC_cal_fp_constants/m_axis_a] [get_bd_intf_pins cal_gain_mult_0/S_AXIS_B]
connect_bd_intf_net [get_bd_intf_pins cal_gain_mult_0/M_AXIS_RESULT] [get_bd_intf_pins AXIS_to_GPIO/s_axis]
save_bd_design
reset_run synth_1
launch_runs impl_1 -to_step write_bitstream -jobs 16
wait_on_run impl_1
update_module_reference system_ADC_cal_fp_constants_0
reset_run synth_1
launch_runs impl_1 -to_step write_bitstream -jobs 16
wait_on_run impl_1
